[roboticsclub.iitd.ac.in/index.html]
[backblue.gif]
[fade.gif]
[index.html]
[roboticsclub.iitd.ac.in/style/style.css]
[ajax.googleapis.com/ajax/libs/jquery/3.4.1/jquery.min.js]
[roboticsclub.iitd.ac.in/script/script.js]
[connect.facebook.net/en_GB/sdk.js]
[roboticsclub.iitd.ac.in/Team_2022/Coordinators/robocon.jpg]
[roboticsclub.iitd.ac.in/img/roboAch2.jpg]
[roboticsclub.iitd.ac.in/img/roboAch1.jpg]
[roboticsclub.iitd.ac.in/img/team/2019.jpg]
[roboticsclub.iitd.ac.in/img/projects/roboarm/1.jpg]
[roboticsclub.iitd.ac.in/img/projects/roboarm/2.jpg]
[roboticsclub.iitd.ac.in/img/projects/hexapod/1.jpg]
[roboticsclub.iitd.ac.in/img/projects/4leg/1.jpg]
[roboticsclub.iitd.ac.in/img/projects/4leg/2.jpg]
[roboticsclub.iitd.ac.in/img/projects/4wheel/1.jpg]
[roboticsclub.iitd.ac.in/img/members/faculty/sunil_jha.png]
[roboticsclub.iitd.ac.in/Team_2022/Faculty/ramakrishna.jpg]
[roboticsclub.iitd.ac.in/img/members/faculty/sksaha.jpg]
[roboticsclub.iitd.ac.in/Team_2022/Coordinators/Bhupesh.jpg]
[roboticsclub.iitd.ac.in/Team_2022/Coordinators/ajit.jpg]
[roboticsclub.iitd.ac.in/Team_2022/Coordinators/Deepak.jpg]
[roboticsclub.iitd.ac.in/Team_2022/Coordinators/Deep.jpg]
[roboticsclub.iitd.ac.in/Team_2022/Coordinators/Vanshika.jpg]
[roboticsclub.iitd.ac.in/Team_2022/Coordinators/rahul.jpg]
[roboticsclub.iitd.ac.in/Team_2022/Coordinators/simran.jpg]
[roboticsclub.iitd.ac.in/Team_2022/Coordinators/dhruv.jpg]
[roboticsclub.iitd.ac.in/Team_2022/Coordinators/Tanya.jpg]
[roboticsclub.iitd.ac.in/Team_2022/Coordinators/ayush.jpg]
[roboticsclub.iitd.ac.in/Team_2022/Coordinators/tarun.jpg]
[roboticsclub.iitd.ac.in/Team_2022/Coordinators/chirag.jpg]
[roboticsclub.iitd.ac.in/Team_2022/mentors/pankaj.jpg]
[roboticsclub.iitd.ac.in/Team_2022/mentors/paras_gupta.jpg]
[roboticsclub.iitd.ac.in/Team_2022/mentors/gunsagar.jpg]
[roboticsclub.iitd.ac.in/index.html]
[roboticsclub.iitd.ac.in/img/roboconBack.jpg]
[roboticsclub.iitd.ac.in/img/cover.jpg]
[roboticsclub.iitd.ac.in/img/scroll.jpg]
[roboticsclub.iitd.ac.in/style/style.css]
[connect.facebook.net/en_GB/sdk.js]
